// Jest Snapshot v1, https://goo.gl/fbAQLP

exports[`MovePageModal should render 1`] = `undefined`;
